[educationlsp] 2024/11/17 17:05:48 Starting
[educationlsp] 2024/11/17 17:05:48 method initialize
[educationlsp] 2024/11/17 17:05:48 content {"jsonrpc":"2.0","params":{"rootUri":null,"rootPath":null,"clientInfo":{"name":"Neovim","version":"0.10.1"},"workspaceFolders":null,"processId":51055,"workDoneToken":"1","trace":"off","capabilities":{"general":{"positionEncodings":["utf-16"]},"window":{"showDocument":{"support":true},"workDoneProgress":true,"showMessage":{"messageActionItem":{"additionalPropertiesSupport":false}}},"textDocument":{"typeDefinition":{"linkSupport":true},"completion":{"dynamicRegistration":false,"completionItemKind":{"valueSet":[1,2,3,4,5,6,7,8,9,10,11,12,13,14,15,16,17,18,19,20,21,22,23,24,25]},"contextSupport":false,"completionList":{"itemDefaults":["editRange","insertTextFormat","insertTextMode","data"]},"completionItem":{"deprecatedSupport":false,"preselectSupport":false,"commitCharactersSupport":false,"snippetSupport":false,"documentationFormat":["markdown","plaintext"]}},"semanticTokens":{"requests":{"range":false,"full":{"delta":true}},"dynamicRegistration":false,"formats":["relative"],"tokenModifiers":["declaration","definition","readonly","static","deprecated","abstract","async","modification","documentation","defaultLibrary"],"augmentsSyntaxTokens":true,"serverCancelSupport":false,"multilineTokenSupport":false,"overlappingTokenSupport":true,"tokenTypes":["namespace","type","class","enum","interface","struct","typeParameter","parameter","variable","property","enumMember","event","function","method","macro","keyword","modifier","comment","string","number","regexp","operator","decorator"]},"inlayHint":{"resolveSupport":{"properties":["textEdits","tooltip","location","command"]},"dynamicRegistration":true},"callHierarchy":{"dynamicRegistration":false},"implementation":{"linkSupport":true},"diagnostic":{"dynamicRegistration":false},"publishDiagnostics":{"dataSupport":true,"tagSupport":{"valueSet":[1,2]},"relatedInformation":true},"rename":{"prepareSupport":true,"dynamicRegistration":true},"rangeFormatting":{"dynamicRegistration":true},"formatting":{"dynamicRegistration":true},"codeAction":{"dynamicRegistration":true,"dataSupport":true,"resolveSupport":{"properties":["edit"]},"codeActionLiteralSupport":{"codeActionKind":{"valueSet":["","quickfix","refactor","refactor.extract","refactor.inline","refactor.rewrite","source","source.organizeImports"]}},"isPreferredSupport":true},"definition":{"linkSupport":true,"dynamicRegistration":true},"documentHighlight":{"dynamicRegistration":false},"references":{"dynamicRegistration":false},"signatureHelp":{"signatureInformation":{"activeParameterSupport":true,"parameterInformation":{"labelOffsetSupport":true},"documentationFormat":["markdown","plaintext"]},"dynamicRegistration":false},"documentSymbol":{"hierarchicalDocumentSymbolSupport":true,"dynamicRegistration":false,"symbolKind":{"valueSet":[1,2,3,4,5,6,7,8,9,10,11,12,13,14,15,16,17,18,19,20,21,22,23,24,25,26]}},"hover":{"contentFormat":["markdown","plaintext"],"dynamicRegistration":true},"synchronization":{"willSave":true,"dynamicRegistration":false,"willSaveWaitUntil":true,"didSave":true},"declaration":{"linkSupport":true}},"workspace":{"didChangeWatchedFiles":{"relativePatternSupport":true,"dynamicRegistration":true},"workspaceEdit":{"resourceOperations":["rename","create","delete"]},"symbol":{"symbolKind":{"valueSet":[1,2,3,4,5,6,7,8,9,10,11,12,13,14,15,16,17,18,19,20,21,22,23,24,25,26]},"dynamicRegistration":false},"didChangeConfiguration":{"dynamicRegistration":false},"semanticTokens":{"refreshSupport":true},"inlayHint":{"refreshSupport":true},"applyEdit":true,"workspaceFolders":true,"configuration":true}}},"method":"initialize","id":1}
